
> flowline@0.1.0 test:contract /home/user/FlowLine_Web
> vitest run --project contract


 RUN  v5.0.2 /home/user/FlowLine_Web

 ❯ |contract| tests/contract/paddle-billing.test.ts (21 tests | 1 failed) 288ms
   ❯ webhook verification (5)
     × rejects a tampered body or wrong signature 8ms

⎯⎯⎯⎯⎯⎯⎯ Failed Tests 1 ⎯⎯⎯⎯⎯⎯⎯

 FAIL  |contract| tests/contract/paddle-billing.test.ts > webhook verification > rejects a tampered body or wrong signature
AssertionError: expected function to throw an error, but it didn't
 ❯ tests/contract/paddle-billing.test.ts:326:107
    324|     const { payload, header } = await emit({ type: "subscription.updat…
    325|     expect(() => adapter().verifyWebhook(payload.replace("ctm_fake_1",…
    326|     expect(() => adapter().verifyWebhook(payload, header.replace(/h1=[…
       |                                                                                                           ^
    327|     expect(() => adapter().verifyWebhook(payload, null, new Date())).t…
    328|     expect(() => adapter().verifyWebhook(payload, "ts=notanumber;h1=ab…

⎯⎯⎯⎯⎯⎯⎯⎯⎯⎯⎯⎯⎯⎯⎯⎯⎯⎯⎯⎯⎯⎯⎯⎯[1/1]⎯


 Test Files  1 failed | 21 passed (22)
      Tests  1 failed | 466 passed (467)
   Start at  22:23:50
   Duration  23.78s (tests 72%, import 24%, transform 4%)

 ELIFECYCLE  Command failed with exit code 1.
