
 RUN  v5.0.2 C:/Users/Abdelrahman/Desktop/Personal_Project/FL-wt-pilot-upload-admission-20261003

migrated postgres://***@127.0.0.1:54720/flowline_test_pilotupload
[seed-platform] test platform credentials ready
 ❯ |integration| tests/integration/pilot-upload-admission.test.ts (7 tests | 1 failed) 435ms
   ❯ atomic retained upload admission (7)
     × Company Builder knowledge fixtures use the same budget and roll back their failed step 147ms

 Test Files  1 failed | 1 passed (2)
      Tests  1 failed | 10 passed (11)
   Start at  05:09:53
   Duration  7.65s (import 59%, transform 22%, tests 19%)


⎯⎯⎯⎯⎯⎯⎯ Failed Tests 1 ⎯⎯⎯⎯⎯⎯⎯

 FAIL  |integration| tests/integration/pilot-upload-admission.test.ts > atomic retained upload admission > Company Builder knowledge fixtures use the same budget and roll back their failed step
Error: Expected HttpError 413 UPLOAD_WORKSPACE_STORAGE_LIMIT, but the promise resolved
 ❯ Module.expectHttpError tests/integration/helpers.ts:39:9
     37|     return e;
     38|   }
     39|   throw new Error(`Expected HttpError ${status}${code ? ` ${code}` : "…
       |         ^
     40| }
     41|
 ❯ tests/integration/pilot-upload-admission.test.ts:130:5

⎯⎯⎯⎯⎯⎯⎯⎯⎯⎯⎯⎯⎯⎯⎯⎯⎯⎯⎯⎯⎯⎯⎯⎯[1/1]⎯

