09:59:15 START lint
09:59:37 END lint rc=0
09:59:37 START typecheck
09:59:42 END typecheck rc=0
09:59:42 START secrets
09:59:42 END secrets rc=0
09:59:42 START unit
09:59:53 END unit rc=0
09:59:53 START contract
10:00:18 END contract rc=0
10:00:18 START integration
10:03:26 END integration rc=0
10:03:26 START stack
10:04:03 stack up 200 build=
10:04:03 START e2e-chromium
10:10:50 END e2e-chromium rc=1
10:10:50 START e2e-firefox
10:14:41 END e2e-firefox rc=0
10:14:41 START e2e-webkit
10:19:21 END e2e-webkit rc=0
10:19:21 START field
10:19:29 END field rc=0
10:19:30 GATE DONE
