
 RUN  v5.0.2 C:/Users/Abdelrahman/Desktop/Personal_Project/FL-wt-sec-auth

migrated postgres://***@127.0.0.1:5433/flowline_test_secauth
[seed-platform] test platform credentials ready
 ❯ |integration| tests/integration/sec-sso-email-prehijack.test.ts (3 tests | 1 failed | 2 skipped) 119ms
   ❯ H2: tenant email assertions never establish global mailbox ownership (3)
     × blocks pre-hijacking even when an undelivered invitation permits beta signup, then blocks the attacker after legitimate adoption 117ms

 Test Files  1 failed (1)
      Tests  1 failed | 2 skipped (3)
   Start at  04:26:34
   Duration  5.70s (import 68%, transform 27%, tests 4%)



⎯⎯⎯⎯⎯⎯⎯ Failed Tests 1 ⎯⎯⎯⎯⎯⎯⎯

 FAIL  |integration| tests/integration/sec-sso-email-prehijack.test.ts > H2: tenant email assertions never establish global mailbox ownership > blocks pre-hijacking even when an undelivered invitation permits beta signup, then blocks the attacker after legitimate adoption
Error: Expected HttpError 403 SSO_EMAIL_OWNERSHIP_REQUIRED, but the promise resolved
 ❯ expectHttpError tests/integration/helpers.ts:39:9
     37|     return e;
     38|   }
     39|   throw new Error(`Expected HttpError ${status}${code ? ` ${code}` : "…
       |         ^
     40| }
     41|
 ❯ tests/integration/sec-sso-email-prehijack.test.ts:30:5

⎯⎯⎯⎯⎯⎯⎯⎯⎯⎯⎯⎯⎯⎯⎯⎯⎯⎯⎯⎯⎯⎯⎯⎯[1/1]⎯
