
 RUN  v5.0.2 C:/Users/Abdelrahman/Desktop/Personal_Project/FL-wt-sec-auth

migrated postgres://***@127.0.0.1:5433/flowline_test_secauth
[seed-platform] test platform credentials ready
 ❯ |integration| tests/integration/sec-federated-totp.test.ts (8 tests | 4 failed | 4 skipped) 275ms
   ❯ H3: actual global ZITADEL callbacks enforce local TOTP (3)
     × single-factor ZITADEL cannot bypass the user's enrolled authenticator 136ms
     × single-factor ZITADEL cannot bypass the admin's enrolled authenticator 53ms
   ❯ H3: built-in social-provider callbacks enforce the same local factor (2)
     × GitHub cannot bypass the enrolled user's TOTP 41ms
     × GitHub cannot bypass the enrolled administrator's TOTP 43ms

 Test Files  1 failed (1)
      Tests  4 failed | 4 skipped (8)
   Start at  04:26:46
   Duration  5.84s (import 64%, transform 28%, tests 8%)



⎯⎯⎯⎯⎯⎯⎯ Failed Tests 4 ⎯⎯⎯⎯⎯⎯⎯

 FAIL  |integration| tests/integration/sec-federated-totp.test.ts > H3: actual global ZITADEL callbacks enforce local TOTP > single-factor ZITADEL cannot bypass the user's enrolled authenticator
AssertionError: expected '/app' to contain '/auth/step-up'

Expected: "/auth/step-up"
Received: "/app"

 ❯ assertChallenge tests/integration/sec-federated-totp.test.ts:31:44
     29| }
     30| async function assertChallenge(response: Response, userId: string, sec…
     31|   expect(response.headers.get("location")).toContain("/auth/step-up");
       |                                            ^
     32|   expect(cookieFrom(response, (await auth.$context).authCookies.sessio…
     33|   expect(await sessionRows(userId)).toHaveLength(0);
 ❯ tests/integration/sec-federated-totp.test.ts:95:11

⎯⎯⎯⎯⎯⎯⎯⎯⎯⎯⎯⎯⎯⎯⎯⎯⎯⎯⎯⎯⎯⎯⎯⎯[1/4]⎯

 FAIL  |integration| tests/integration/sec-federated-totp.test.ts > H3: actual global ZITADEL callbacks enforce local TOTP > single-factor ZITADEL cannot bypass the admin's enrolled authenticator
AssertionError: expected '/admin' to contain '/auth/step-up'

Expected: "/auth/step-up"
Received: "/admin"

 ❯ assertChallenge tests/integration/sec-federated-totp.test.ts:31:44
     29| }
     30| async function assertChallenge(response: Response, userId: string, sec…
     31|   expect(response.headers.get("location")).toContain("/auth/step-up");
       |                                            ^
     32|   expect(cookieFrom(response, (await auth.$context).authCookies.sessio…
     33|   expect(await sessionRows(userId)).toHaveLength(0);
 ❯ tests/integration/sec-federated-totp.test.ts:95:11

⎯⎯⎯⎯⎯⎯⎯⎯⎯⎯⎯⎯⎯⎯⎯⎯⎯⎯⎯⎯⎯⎯⎯⎯[2/4]⎯

 FAIL  |integration| tests/integration/sec-federated-totp.test.ts > H3: built-in social-provider callbacks enforce the same local factor > GitHub cannot bypass the enrolled user's TOTP
AssertionError: expected '/app' to contain '/auth/step-up'

Expected: "/auth/step-up"
Received: "/app"

 ❯ assertChallenge tests/integration/sec-federated-totp.test.ts:31:44
     29| }
     30| async function assertChallenge(response: Response, userId: string, sec…
     31|   expect(response.headers.get("location")).toContain("/auth/step-up");
       |                                            ^
     32|   expect(cookieFrom(response, (await auth.$context).authCookies.sessio…
     33|   expect(await sessionRows(userId)).toHaveLength(0);
 ❯ tests/integration/sec-federated-totp.test.ts:121:11

⎯⎯⎯⎯⎯⎯⎯⎯⎯⎯⎯⎯⎯⎯⎯⎯⎯⎯⎯⎯⎯⎯⎯⎯[3/4]⎯

 FAIL  |integration| tests/integration/sec-federated-totp.test.ts > H3: built-in social-provider callbacks enforce the same local factor > GitHub cannot bypass the enrolled administrator's TOTP
AssertionError: expected '/admin' to contain '/auth/step-up'

Expected: "/auth/step-up"
Received: "/admin"

 ❯ assertChallenge tests/integration/sec-federated-totp.test.ts:31:44
     29| }
     30| async function assertChallenge(response: Response, userId: string, sec…
     31|   expect(response.headers.get("location")).toContain("/auth/step-up");
       |                                            ^
     32|   expect(cookieFrom(response, (await auth.$context).authCookies.sessio…
     33|   expect(await sessionRows(userId)).toHaveLength(0);
 ❯ tests/integration/sec-federated-totp.test.ts:121:11

⎯⎯⎯⎯⎯⎯⎯⎯⎯⎯⎯⎯⎯⎯⎯⎯⎯⎯⎯⎯⎯⎯⎯⎯[4/4]⎯
