
 RUN  v5.0.2 C:/Users/Abdelrahman/Desktop/Personal_Project/FL-wt-sec-auth

migrated postgres://***@127.0.0.1:5433/flowline_test_secauth
[seed-platform] test platform credentials ready
 ❯ |integration| tests/integration/sec-sso-link-consent.test.ts (5 tests | 1 failed | 4 skipped) 120ms
   ❯ H1: a signed-in browser does not consent to account linking (5)
     × valid OIDC from an unrelated tenant GET grants no link/session; only explicit CSRF POST confirmation does 119ms

 Test Files  1 failed (1)
      Tests  1 failed | 4 skipped (5)
   Start at  04:26:27
   Duration  5.68s (import 66%, transform 30%, tests 4%)



⎯⎯⎯⎯⎯⎯⎯ Failed Tests 1 ⎯⎯⎯⎯⎯⎯⎯

 FAIL  |integration| tests/integration/sec-sso-link-consent.test.ts > H1: a signed-in browser does not consent to account linking > valid OIDC from an unrelated tenant GET grants no link/session; only explicit CSRF POST confirmation does
Error: Expected HttpError 404 NOT_FOUND, but the promise resolved
 ❯ expectHttpError tests/integration/helpers.ts:39:9
     37|     return e;
     38|   }
     39|   throw new Error(`Expected HttpError ${status}${code ? ` ${code}` : "…
       |         ^
     40| }
     41|
 ❯ tests/integration/sec-sso-link-consent.test.ts:29:5

⎯⎯⎯⎯⎯⎯⎯⎯⎯⎯⎯⎯⎯⎯⎯⎯⎯⎯⎯⎯⎯⎯⎯⎯[1/1]⎯
