
 RUN  v5.0.2 C:/Users/Abdelrahman/Desktop/Personal_Project/FL-wt-sec-auth

migrated postgres://***@127.0.0.1:5433/flowline_test_secauth
[seed-platform] test platform credentials ready
 ❯ |integration| tests/integration/sec-zitadel-issuer-binding.test.ts (1 test | 1 failed) 43ms
   ❯ M7: issuer replacement cannot inherit a persistent account (1)
     × uses the real better-auth account adapter to isolate equal subjects from different issuers and legacy subjects 42ms

 Test Files  1 failed (1)
      Tests  1 failed (1)
   Start at  04:26:53
   Duration  5.68s (import 72%, transform 27%, tests 1%)



⎯⎯⎯⎯⎯⎯⎯ Failed Tests 1 ⎯⎯⎯⎯⎯⎯⎯

 FAIL  |integration| tests/integration/sec-zitadel-issuer-binding.test.ts > M7: issuer replacement cannot inherit a persistent account > uses the real better-auth account adapter to isolate equal subjects from different issuers and legacy subjects
AssertionError: expected { kind: 'owned', user: { …(8) }, …(1) } to be null

- Expected:
null

+ Received:
{
  "account": {
    "accessToken": null,
    "accessTokenExpiresAt": null,
    "accountId": "40adf5e0-c880-4788-be94-1de0d17050d5",
    "createdAt": 2026-10-03T01:26:59.207Z,
    "id": "e23bb578-aeb8-4d1b-8b18-e3530fa77758",
    "idToken": null,
    "password": null,
    "providerId": "zitadel",
    "refreshToken": null,
    "refreshTokenExpiresAt": null,
    "scope": null,
    "updatedAt": 2026-10-03T01:26:59.207Z,
    "userId": "2d78b10a-eb5a-4693-82d1-b6b527fd321d",
  },
  "kind": "owned",
  "user": {
    "createdAt": 2026-10-03T01:26:59.202Z,
    "email": "issuer-owner-f771225e@flowline-test.local",
    "emailVerified": true,
    "id": "2d78b10a-eb5a-4693-82d1-b6b527fd321d",
    "image": null,
    "name": "issuer-owner",
    "twoFactorEnabled": false,
    "updatedAt": 2026-10-03T01:26:59.202Z,
  },
}

 ❯ tests/integration/sec-zitadel-issuer-binding.test.ts:33:113
     31|     await ctx.internalAdapter.createAccount({ userId: user.id, provide…
     32|     expect((await ctx.internalAdapter.findAccountOwnerByKey({ provider…
     33|     expect(await ctx.internalAdapter.findAccountOwnerByKey({ providerI…
       |                                                                                                                 ^
     34|     // A bare legacy subject is also refused, even under the currently…
     35|     await db.delete(schema.account).where(eq(schema.account.userId, us…

⎯⎯⎯⎯⎯⎯⎯⎯⎯⎯⎯⎯⎯⎯⎯⎯⎯⎯⎯⎯⎯⎯⎯⎯[1/1]⎯
