2026-10-01T11:29:19.814Z GATE sha=90602b02a869168783c6fb66141bacac4fff9f2c dirty=28 node=v22.22.0 pnpm=10.32.1 tier=full stacks=2 intShards=4 steps=lint,typecheck,evidence,unit,contract,integration,build,stack,chromium,firefox,webkit browsers=parallel
2026-10-01T11:29:19.819Z START lint
2026-10-01T11:29:19.821Z START typecheck
2026-10-01T11:29:19.823Z START evidence
2026-10-01T11:29:19.825Z START unit
2026-10-01T11:29:19.828Z START contract
2026-10-01T11:29:20.613Z END evidence rc=0 0.8s
2026-10-01T11:29:23.419Z END lint rc=0 3.6s
2026-10-01T11:29:27.818Z END typecheck rc=0 8.0s
2026-10-01T11:29:32.840Z END unit rc=0 13.0s
2026-10-01T11:29:49.133Z END contract rc=0 29.3s
2026-10-01T11:29:49.133Z STOP test stacks
2026-10-01T11:29:50.471Z START integration
2026-10-01T11:29:50.476Z START build
2026-10-01T11:30:07.056Z END build rc=0 16.6s
2026-10-01T11:30:07.056Z START stack
2026-10-01T11:30:18.687Z END stack rc=0 11.6s
2026-10-01T11:30:18.693Z START chromium
2026-10-01T11:30:18.699Z START firefox
2026-10-01T11:30:18.705Z START webkit
2026-10-01T11:32:27.830Z END integration rc=0 157.4s
2026-10-01T11:36:32.456Z END chromium rc=0 373.8s
2026-10-01T11:36:52.248Z END firefox rc=1 393.5s
2026-10-01T11:37:54.497Z END webkit rc=0 455.8s
2026-10-01T11:37:54.508Z RESTORED artifacts/phase-3/screenshots
2026-10-01T11:37:54.516Z STOP test stacks
2026-10-01T11:37:55.920Z GATE FAIL
