2026-10-01T11:38:38.634Z GATE sha=90602b02a869168783c6fb66141bacac4fff9f2c dirty=28 node=v22.22.0 pnpm=10.32.1 tier=full stacks=3 intShards=4 steps=lint,typecheck,evidence,unit,contract,integration,build,stack,chromium,firefox,webkit browsers=parallel
2026-10-01T11:38:38.640Z START lint
2026-10-01T11:38:38.643Z START typecheck
2026-10-01T11:38:38.644Z START evidence
2026-10-01T11:38:38.646Z START unit
2026-10-01T11:38:38.652Z START contract
2026-10-01T11:38:39.474Z END evidence rc=0 0.8s
2026-10-01T11:38:42.276Z END lint rc=0 3.6s
2026-10-01T11:38:46.832Z END typecheck rc=0 8.2s
2026-10-01T11:38:52.157Z END unit rc=0 13.5s
2026-10-01T11:39:07.523Z END contract rc=0 28.9s
2026-10-01T11:39:07.523Z STOP test stacks
2026-10-01T11:39:09.523Z START integration
2026-10-01T11:39:09.527Z START build
2026-10-01T11:39:25.784Z END build rc=0 16.3s
2026-10-01T11:39:25.784Z START stack
2026-10-01T11:39:43.785Z END stack rc=0 18.0s
2026-10-01T11:40:36.825Z END integration rc=0 87.3s
2026-10-01T11:40:36.828Z START chromium
2026-10-01T11:40:36.831Z START firefox
2026-10-01T11:40:36.836Z START webkit
2026-10-01T11:45:53.627Z END firefox rc=0 316.8s
2026-10-01T11:46:09.967Z END chromium rc=1 333.1s
2026-10-01T11:47:13.136Z END webkit rc=0 396.3s
2026-10-01T11:47:13.150Z RESTORED artifacts/phase-3/screenshots
2026-10-01T11:47:13.166Z STOP test stacks
2026-10-01T11:47:15.530Z GATE FAIL
