2026-10-01T11:05:55.637Z GATE sha=90602b02a869168783c6fb66141bacac4fff9f2c dirty=27 node=v22.22.0 pnpm=10.32.1 tier=fast stacks=3 intShards=4 steps=lint,typecheck,evidence,unit,contract,integration,build,stack,chromium browsers=sequential
2026-10-01T11:05:55.640Z START lint
2026-10-01T11:05:55.643Z START typecheck
2026-10-01T11:05:55.644Z START evidence
2026-10-01T11:05:55.646Z START unit
2026-10-01T11:05:55.649Z START contract
2026-10-01T11:05:56.667Z END evidence rc=0 1.0s
2026-10-01T11:05:58.765Z END lint rc=0 3.1s
2026-10-01T11:06:06.873Z END typecheck rc=0 11.2s
2026-10-01T11:06:09.795Z END unit rc=0 14.1s
2026-10-01T11:06:24.985Z END contract rc=0 29.3s
2026-10-01T11:06:24.985Z STOP test stacks
2026-10-01T11:06:26.132Z START integration
2026-10-01T11:06:26.136Z START build
2026-10-01T11:06:42.003Z END build rc=0 15.9s
2026-10-01T11:06:42.004Z START stack
2026-10-01T11:06:50.413Z END stack rc=0 8.4s
2026-10-01T11:07:45.038Z END integration rc=0 78.9s
2026-10-01T11:07:45.041Z START chromium
2026-10-01T11:09:10.380Z END chromium rc=0 85.3s
2026-10-01T11:09:10.390Z RESTORED artifacts/phase-3/screenshots
2026-10-01T11:09:10.399Z STOP test stacks
2026-10-01T11:09:11.466Z GATE PASS
