2026-10-01T11:47:38.832Z GATE sha=90602b02a869168783c6fb66141bacac4fff9f2c dirty=28 node=v22.22.0 pnpm=10.32.1 tier=fast stacks=3 intShards=4 steps=lint,typecheck,evidence,unit,contract,integration,build,stack,chromium browsers=sequential
2026-10-01T11:47:38.836Z START lint
2026-10-01T11:47:38.838Z START typecheck
2026-10-01T11:47:38.840Z START evidence
2026-10-01T11:47:38.842Z START unit
2026-10-01T11:47:38.845Z START contract
2026-10-01T11:47:39.667Z END evidence rc=0 0.8s
2026-10-01T11:47:42.921Z END lint rc=0 4.1s
2026-10-01T11:47:46.824Z END typecheck rc=0 8.0s
2026-10-01T11:47:51.867Z END unit rc=0 13.0s
2026-10-01T11:48:07.006Z END contract rc=0 28.2s
2026-10-01T11:48:07.006Z STOP test stacks
2026-10-01T11:48:08.209Z START integration
2026-10-01T11:48:08.213Z START build
2026-10-01T11:48:24.086Z END build rc=0 15.9s
2026-10-01T11:48:24.086Z START stack
2026-10-01T11:48:33.632Z END stack rc=0 9.5s
2026-10-01T11:49:27.301Z END integration rc=0 79.1s
2026-10-01T11:49:27.304Z START chromium
2026-10-01T11:50:52.652Z END chromium rc=1 85.3s
2026-10-01T11:50:52.662Z RESTORED artifacts/phase-3/screenshots
2026-10-01T11:50:52.674Z STOP test stacks
2026-10-01T11:50:53.822Z GATE FAIL
