2026-10-01T11:20:17.570Z GATE sha=90602b02a869168783c6fb66141bacac4fff9f2c dirty=28 node=v22.22.0 pnpm=10.32.1 tier=full stacks=3 intShards=4 steps=lint,typecheck,evidence,unit,contract,integration,build,stack,chromium,firefox,webkit browsers=parallel
2026-10-01T11:20:17.578Z START lint
2026-10-01T11:20:17.581Z START typecheck
2026-10-01T11:20:17.583Z START evidence
2026-10-01T11:20:17.585Z START unit
2026-10-01T11:20:17.587Z START contract
2026-10-01T11:20:18.820Z END evidence rc=0 1.2s
2026-10-01T11:20:21.975Z END lint rc=0 4.4s
2026-10-01T11:20:25.859Z END typecheck rc=0 8.3s
2026-10-01T11:20:30.706Z END unit rc=0 13.1s
2026-10-01T11:20:46.542Z END contract rc=0 29.0s
2026-10-01T11:20:46.542Z STOP test stacks
2026-10-01T11:20:48.295Z START integration
2026-10-01T11:20:48.299Z START build
2026-10-01T11:21:27.941Z END build rc=0 39.6s
2026-10-01T11:21:27.941Z START stack
2026-10-01T11:21:44.716Z END stack rc=0 16.8s
2026-10-01T11:22:20.964Z END integration rc=0 92.7s
2026-10-01T11:22:20.966Z START chromium
2026-10-01T11:22:20.969Z START firefox
2026-10-01T11:22:20.972Z START webkit
2026-10-01T11:27:35.530Z END firefox rc=0 314.6s
2026-10-01T11:27:58.395Z END chromium rc=0 337.4s
2026-10-01T11:28:55.204Z END webkit rc=0 394.2s
2026-10-01T11:28:55.216Z RESTORED artifacts/phase-3/screenshots
2026-10-01T11:28:55.226Z STOP test stacks
2026-10-01T11:28:57.464Z GATE PASS
