2026-10-01T11:09:17.797Z GATE sha=90602b02a869168783c6fb66141bacac4fff9f2c dirty=27 node=v22.22.0 pnpm=10.32.1 tier=full stacks=3 intShards=4 steps=lint,typecheck,evidence,unit,contract,integration,build,stack,chromium,firefox,webkit browsers=sequential
2026-10-01T11:09:17.801Z START lint
2026-10-01T11:09:17.803Z START typecheck
2026-10-01T11:09:17.805Z START evidence
2026-10-01T11:09:17.806Z START unit
2026-10-01T11:09:17.809Z START contract
2026-10-01T11:09:18.688Z END evidence rc=0 0.9s
2026-10-01T11:09:21.292Z END lint rc=0 3.5s
2026-10-01T11:09:25.514Z END typecheck rc=0 7.7s
2026-10-01T11:09:30.651Z END unit rc=0 12.8s
2026-10-01T11:09:46.998Z END contract rc=0 29.2s
2026-10-01T11:09:46.999Z STOP test stacks
2026-10-01T11:09:48.030Z START integration
2026-10-01T11:09:48.033Z START build
2026-10-01T11:10:03.038Z END build rc=0 15.0s
2026-10-01T11:10:03.039Z START stack
2026-10-01T11:10:12.415Z END stack rc=0 9.4s
2026-10-01T11:11:06.394Z END integration rc=0 78.4s
2026-10-01T11:11:06.396Z START chromium
2026-10-01T11:14:23.245Z END chromium rc=0 196.8s
2026-10-01T11:14:23.246Z START firefox
2026-10-01T11:16:21.821Z END firefox rc=0 118.6s
2026-10-01T11:16:21.821Z START webkit
2026-10-01T11:19:00.318Z END webkit rc=0 158.5s
2026-10-01T11:19:00.330Z RESTORED artifacts/phase-3/screenshots
2026-10-01T11:19:00.331Z STOP test stacks
2026-10-01T11:19:01.597Z GATE PASS
