
 RUN  v5.0.2 C:/Users/Abdelrahman/Desktop/Personal_Project/FL-wt-design

npm warn Unknown env config "npm-globalconfig". This will stop working in the next major version of npm.
npm warn Unknown env config "reporter". This will stop working in the next major version of npm.
npm warn Unknown env config "verify-deps-before-run". This will stop working in the next major version of npm.
npm warn Unknown env config "_jsr-registry". This will stop working in the next major version of npm.
migrated postgres://***@127.0.0.1:5433/flowline_test_dv2
npm warn Unknown env config "npm-globalconfig". This will stop working in the next major version of npm.
npm warn Unknown env config "reporter". This will stop working in the next major version of npm.
npm warn Unknown env config "verify-deps-before-run". This will stop working in the next major version of npm.
npm warn Unknown env config "_jsr-registry". This will stop working in the next major version of npm.
[seed-platform] test platform credentials ready
 ❯ |integration| tests/integration/ai-review-wavec.test.ts (12 tests | 1 failed) 4994ms
   ❯ CXH-03: recovery never re-sends on an existing ledger key (2)
     × a worker that died after the charge settled: recovery allocates + reserves a NEW attempt, and a dead worker's open reservation is kept as a possible charge 489ms

⎯⎯⎯⎯⎯⎯⎯ Failed Tests 1 ⎯⎯⎯⎯⎯⎯⎯

 FAIL  |integration| tests/integration/ai-review-wavec.test.ts > CXH-03: recovery never re-sends on an existing ledger key > a worker that died after the charge settled: recovery allocates + reserves a NEW attempt, and a dead worker's open reservation is kept as a possible charge
AssertionError: expected 3 to be 1 // Object.is equality

- Expected
+ Received

- 1
+ 3

 ❯ tests/integration/ai-review-wavec.test.ts:154:47
    152|     expect(resumed.status, JSON.stringify({ error: resumed.error, lock…
    153|
    154|     expect((await oaChats()).length - before).toBe(1); // exactly one …
       |                                               ^
    155|     const rows = await ledger(requestId);
    156|     // Every send has its own reserved-then-settled ledger event; noth…

 Test Files  1 failed | 46 passed (47)
      Tests  1 failed | 459 passed (460)
   Start at  20:05:56

⎯⎯⎯⎯⎯⎯⎯⎯⎯⎯⎯⎯⎯⎯⎯⎯⎯⎯⎯⎯⎯⎯⎯⎯[1/1]⎯

   Duration  173.44s (tests 74%, import 24%, transform 1%)

